C51 COMPILER V9.51   PWM                                                                   04/15/2014 14:04:51 PAGE 1   


C51 COMPILER V9.51, COMPILATION OF MODULE PWM
OBJECT MODULE PLACED IN PWM.OBJ
COMPILER INVOKED BY: D:\Program Files (x86)\keil\C51\BIN\C51.EXE PWM.c BROWSE DEBUG OBJECTEXTEND TABS(3)

line level    source

   1          /*---------------------------------------------------
   2             pwm.c (v1.00)
   3             
   4             方波输出功能
   5          ---------------------------------------------------*/
   6          
   7          #include "main.h"
   8          #include "port.h"
   9          
  10          #include "pwm.h"
  11          
  12          tWord PWM_shadow;
  13          
  14          /*---------------------------------------------------
  15             Init_PWM()
  16             
  17             initialize PWM
  18          ----------------------------------------------------*/
  19          
  20          void Init_PWM(void)
  21             {    
  22   1         // Enable PWM and select auto reload mode 
  23   1         PWMCON0 = 0xC0;                        
  24   1      
  25   1         PWM_shadow = PWMP;
  26   1         // PWM Period
  27   1         PWMPH = HIBYTE(PWM_shadow);         
  28   1         PWMPL = LOBYTE(PWM_shadow);                               
  29   1         }
  30          
  31          /*---------------------------------------------------
  32             PWM_Channel()
  33             
  34             choose the PWM channel
  35          ----------------------------------------------------*/
  36          
  37          void PWM_Channel(E_PWMCNL_SEL Channel) 
  38             {
  39   1          switch(Channel)
  40   1            {
  41   2            // PWM0 Duty (P0.1)
  42   2            case E_CHANNEL0:
  43   2               {
  44   3               PWM_shadow = PWM0_Duty;
  45   3               PWM0H = HIBYTE(PWM_shadow);
  46   3               PWM0L = LOBYTE(PWM_shadow);
  47   3               }
  48   2            break;
  49   2            // PWM1 Duty (P1.6)
  50   2            case E_CHANNEL1:
  51   2               {
  52   3               PWM_shadow = PWM1_Duty;
  53   3               PWM1H = HIBYTE(PWM_shadow);
  54   3               PWM1L = LOBYTE(PWM_shadow);
  55   3               }
C51 COMPILER V9.51   PWM                                                                   04/15/2014 14:04:51 PAGE 2   

  56   2            break;
  57   2            // PWM2 Duty (P1.7)
  58   2            case E_CHANNEL2:
  59   2               {
  60   3               PWM_shadow = PWM2_Duty;
  61   3               PWM2H = HIBYTE(PWM_shadow);
  62   3               PWM2L = LOBYTE(PWM_shadow);         
  63   3               }
  64   2            break;
  65   2            // PWM3 Duty (P0.0)
  66   2            case E_CHANNEL3:
  67   2               {
  68   3               PWM_shadow = PWM3_Duty;
  69   3               PWM3H = HIBYTE(PWM_shadow);
  70   3               PWM3L = LOBYTE(PWM_shadow);
  71   3               }
  72   2            break; 
  73   2            }  
  74   1         }
  75          
  76          /*-------------------------------------------------------
  77             myPwm()
  78             
  79             方波输出打开
  80          --------------------------------------------------------*/
  81          
  82          void myPwm()
  83          {
  84   1         // choose channel for pwm
  85   1         PWM_Channel(E_CHANNEL0);         
  86   1         // pwm out enable
  87   1         Init_PWM();                        
  88   1      }
  89          
  90          /*---------------------------------------------------
  91             end of file
  92          ----------------------------------------------------*/ 


MODULE INFORMATION:   STATIC OVERLAYABLE
   CODE SIZE        =    100    ----
   CONSTANT SIZE    =   ----    ----
   XDATA SIZE       =   ----    ----
   PDATA SIZE       =   ----    ----
   DATA SIZE        =      2    ----
   IDATA SIZE       =   ----    ----
   BIT SIZE         =   ----    ----
END OF MODULE INFORMATION.


C51 COMPILATION COMPLETE.  0 WARNING(S),  0 ERROR(S)
